2026-02-12 00:18:15 [HikariPool-1 housekeeper] WARN  com.zaxxer.hikari.pool.HikariPool - HikariPool-1 - Thread starvation or clock leap detected (housekeeper delta=40m11s954ms463µs400ns).
2026-02-12 00:18:16 [HikariPool-1 housekeeper] DEBUG com.zaxxer.hikari.pool.HikariPool - HikariPool-1 - Before cleanup stats (total=5, active=0, idle=5, waiting=0)
2026-02-12 00:18:16 [HikariPool-1 housekeeper] DEBUG com.zaxxer.hikari.pool.HikariPool - HikariPool-1 - After cleanup  stats (total=5, active=0, idle=5, waiting=0)
2026-02-12 00:18:16 [HikariPool-1 housekeeper] DEBUG com.zaxxer.hikari.pool.HikariPool - HikariPool-1 - Fill pool skipped, pool has sufficient level or currently being filled (queueDepth=0).
2026-02-12 00:18:16 [HikariPool-1 housekeeper] DEBUG com.zaxxer.hikari.pool.HikariPool - HikariPool-1 - Add connection elided, waiting=0, adders pending/running=1
2026-02-12 00:18:16 [HikariPool-1 housekeeper] DEBUG com.zaxxer.hikari.pool.HikariPool - HikariPool-1 - Add connection elided, waiting=0, adders pending/running=1
2026-02-12 00:18:16 [HikariPool-1 housekeeper] DEBUG com.zaxxer.hikari.pool.HikariPool - HikariPool-1 - Add connection elided, waiting=0, adders pending/running=1
2026-02-12 00:18:16 [HikariPool-1 housekeeper] DEBUG com.zaxxer.hikari.pool.HikariPool - HikariPool-1 - Add connection elided, waiting=0, adders pending/running=1
2026-02-12 00:18:16 [HikariPool-1 connection closer] DEBUG com.zaxxer.hikari.pool.PoolBase - HikariPool-1 - Closing connection conn75: url=jdbc:h2:mem:taskmanagement user=SA: (connection has passed maxLifetime)
2026-02-12 00:18:16 [HikariPool-1 connection closer] DEBUG com.zaxxer.hikari.pool.PoolBase - HikariPool-1 - Closing connection conn77: url=jdbc:h2:mem:taskmanagement user=SA: (connection has passed maxLifetime)
2026-02-12 00:18:16 [HikariPool-1 connection closer] DEBUG com.zaxxer.hikari.pool.PoolBase - HikariPool-1 - Closing connection conn76: url=jdbc:h2:mem:taskmanagement user=SA: (connection has passed maxLifetime)
2026-02-12 00:18:16 [HikariPool-1 connection closer] DEBUG com.zaxxer.hikari.pool.PoolBase - HikariPool-1 - Closing connection conn78: url=jdbc:h2:mem:taskmanagement user=SA: (connection has passed maxLifetime)
2026-02-12 00:18:16 [HikariPool-1 connection closer] DEBUG com.zaxxer.hikari.pool.PoolBase - HikariPool-1 - Closing connection conn79: url=jdbc:h2:mem:taskmanagement user=SA: (connection has passed maxLifetime)
2026-02-12 00:18:16 [HikariPool-1 connection adder] DEBUG com.zaxxer.hikari.pool.HikariPool - HikariPool-1 - Added connection conn80: url=jdbc:h2:mem:taskmanagement user=SA
2026-02-12 00:18:16 [HikariPool-1 connection adder] DEBUG com.zaxxer.hikari.pool.HikariPool - HikariPool-1 - Added connection conn81: url=jdbc:h2:mem:taskmanagement user=SA
2026-02-12 00:18:16 [HikariPool-1 connection adder] DEBUG com.zaxxer.hikari.pool.HikariPool - HikariPool-1 - Added connection conn82: url=jdbc:h2:mem:taskmanagement user=SA
2026-02-12 00:18:16 [HikariPool-1 connection adder] DEBUG com.zaxxer.hikari.pool.HikariPool - HikariPool-1 - Added connection conn83: url=jdbc:h2:mem:taskmanagement user=SA
2026-02-12 00:18:16 [HikariPool-1 connection adder] DEBUG com.zaxxer.hikari.pool.HikariPool - HikariPool-1 - Added connection conn84: url=jdbc:h2:mem:taskmanagement user=SA
2026-02-12 09:10:52 [HikariPool-1 housekeeper] WARN  com.zaxxer.hikari.pool.HikariPool - HikariPool-1 - Thread starvation or clock leap detected (housekeeper delta=8h53m1s14ms434µs400ns).
2026-02-12 09:10:52 [HikariPool-1 housekeeper] DEBUG com.zaxxer.hikari.pool.HikariPool - HikariPool-1 - Before cleanup stats (total=5, active=0, idle=5, waiting=0)
2026-02-12 09:10:52 [HikariPool-1 housekeeper] DEBUG com.zaxxer.hikari.pool.HikariPool - HikariPool-1 - After cleanup  stats (total=5, active=0, idle=5, waiting=0)
2026-02-12 09:10:52 [HikariPool-1 housekeeper] DEBUG com.zaxxer.hikari.pool.HikariPool - HikariPool-1 - Fill pool skipped, pool has sufficient level or currently being filled (queueDepth=0).
2026-02-12 09:10:52 [HikariPool-1 housekeeper] DEBUG com.zaxxer.hikari.pool.HikariPool - HikariPool-1 - Add connection elided, waiting=0, adders pending/running=1
2026-02-12 09:10:52 [HikariPool-1 housekeeper] DEBUG com.zaxxer.hikari.pool.HikariPool - HikariPool-1 - Add connection elided, waiting=0, adders pending/running=1
2026-02-12 09:10:52 [HikariPool-1 connection closer] DEBUG com.zaxxer.hikari.pool.PoolBase - HikariPool-1 - Closing connection conn81: url=jdbc:h2:mem:taskmanagement user=SA: (connection has passed maxLifetime)
2026-02-12 09:10:52 [HikariPool-1 housekeeper] DEBUG com.zaxxer.hikari.pool.HikariPool - HikariPool-1 - Add connection elided, waiting=0, adders pending/running=1
2026-02-12 09:10:52 [HikariPool-1 connection closer] DEBUG com.zaxxer.hikari.pool.PoolBase - HikariPool-1 - Closing connection conn80: url=jdbc:h2:mem:taskmanagement user=SA: (connection has passed maxLifetime)
2026-02-12 09:10:52 [HikariPool-1 housekeeper] DEBUG com.zaxxer.hikari.pool.HikariPool - HikariPool-1 - Add connection elided, waiting=0, adders pending/running=2
2026-02-12 09:10:52 [HikariPool-1 connection closer] DEBUG com.zaxxer.hikari.pool.PoolBase - HikariPool-1 - Closing connection conn83: url=jdbc:h2:mem:taskmanagement user=SA: (connection has passed maxLifetime)
2026-02-12 09:10:52 [HikariPool-1 connection closer] DEBUG com.zaxxer.hikari.pool.PoolBase - HikariPool-1 - Closing connection conn84: url=jdbc:h2:mem:taskmanagement user=SA: (connection has passed maxLifetime)
2026-02-12 09:10:52 [HikariPool-1 connection closer] DEBUG com.zaxxer.hikari.pool.PoolBase - HikariPool-1 - Closing connection conn82: url=jdbc:h2:mem:taskmanagement user=SA: (connection has passed maxLifetime)
2026-02-12 09:10:52 [HikariPool-1 connection adder] DEBUG com.zaxxer.hikari.pool.HikariPool - HikariPool-1 - Added connection conn85: url=jdbc:h2:mem:taskmanagement user=SA
2026-02-12 09:10:52 [HikariPool-1 connection adder] DEBUG com.zaxxer.hikari.pool.HikariPool - HikariPool-1 - Added connection conn86: url=jdbc:h2:mem:taskmanagement user=SA
2026-02-12 09:10:52 [HikariPool-1 connection adder] DEBUG com.zaxxer.hikari.pool.HikariPool - HikariPool-1 - Added connection conn87: url=jdbc:h2:mem:taskmanagement user=SA
2026-02-12 09:10:52 [HikariPool-1 connection adder] DEBUG com.zaxxer.hikari.pool.HikariPool - HikariPool-1 - Added connection conn88: url=jdbc:h2:mem:taskmanagement user=SA
2026-02-12 09:10:52 [HikariPool-1 connection adder] DEBUG com.zaxxer.hikari.pool.HikariPool - HikariPool-1 - Added connection conn89: url=jdbc:h2:mem:taskmanagement user=SA
2026-02-12 09:11:22 [HikariPool-1 housekeeper] DEBUG com.zaxxer.hikari.pool.HikariPool - HikariPool-1 - Before cleanup stats (total=5, active=0, idle=5, waiting=0)
2026-02-12 09:11:22 [HikariPool-1 housekeeper] DEBUG com.zaxxer.hikari.pool.HikariPool - HikariPool-1 - After cleanup  stats (total=5, active=0, idle=5, waiting=0)
2026-02-12 09:11:22 [HikariPool-1 housekeeper] DEBUG com.zaxxer.hikari.pool.HikariPool - HikariPool-1 - Fill pool skipped, pool has sufficient level or currently being filled (queueDepth=0).
2026-02-12 09:11:52 [HikariPool-1 housekeeper] DEBUG com.zaxxer.hikari.pool.HikariPool - HikariPool-1 - Before cleanup stats (total=5, active=0, idle=5, waiting=0)
2026-02-12 09:11:52 [HikariPool-1 housekeeper] DEBUG com.zaxxer.hikari.pool.HikariPool - HikariPool-1 - After cleanup  stats (total=5, active=0, idle=5, waiting=0)
2026-02-12 09:11:52 [HikariPool-1 housekeeper] DEBUG com.zaxxer.hikari.pool.HikariPool - HikariPool-1 - Fill pool skipped, pool has sufficient level or currently being filled (queueDepth=0).
2026-02-12 09:12:22 [HikariPool-1 housekeeper] DEBUG com.zaxxer.hikari.pool.HikariPool - HikariPool-1 - Before cleanup stats (total=5, active=0, idle=5, waiting=0)
2026-02-12 09:12:22 [HikariPool-1 housekeeper] DEBUG com.zaxxer.hikari.pool.HikariPool - HikariPool-1 - After cleanup  stats (total=5, active=0, idle=5, waiting=0)
2026-02-12 09:12:22 [HikariPool-1 housekeeper] DEBUG com.zaxxer.hikari.pool.HikariPool - HikariPool-1 - Fill pool skipped, pool has sufficient level or currently being filled (queueDepth=0).
2026-02-12 09:12:52 [HikariPool-1 housekeeper] DEBUG com.zaxxer.hikari.pool.HikariPool - HikariPool-1 - Before cleanup stats (total=5, active=0, idle=5, waiting=0)
2026-02-12 09:12:52 [HikariPool-1 housekeeper] DEBUG com.zaxxer.hikari.pool.HikariPool - HikariPool-1 - After cleanup  stats (total=5, active=0, idle=5, waiting=0)
2026-02-12 09:12:52 [HikariPool-1 housekeeper] DEBUG com.zaxxer.hikari.pool.HikariPool - HikariPool-1 - Fill pool skipped, pool has sufficient level or currently being filled (queueDepth=0).
2026-02-12 09:13:22 [HikariPool-1 housekeeper] DEBUG com.zaxxer.hikari.pool.HikariPool - HikariPool-1 - Before cleanup stats (total=5, active=0, idle=5, waiting=0)
2026-02-12 09:13:22 [HikariPool-1 housekeeper] DEBUG com.zaxxer.hikari.pool.HikariPool - HikariPool-1 - After cleanup  stats (total=5, active=0, idle=5, waiting=0)
2026-02-12 09:13:22 [HikariPool-1 housekeeper] DEBUG com.zaxxer.hikari.pool.HikariPool - HikariPool-1 - Fill pool skipped, pool has sufficient level or currently being filled (queueDepth=0).
2026-02-12 09:13:52 [HikariPool-1 housekeeper] DEBUG com.zaxxer.hikari.pool.HikariPool - HikariPool-1 - Before cleanup stats (total=5, active=0, idle=5, waiting=0)
2026-02-12 09:13:52 [HikariPool-1 housekeeper] DEBUG com.zaxxer.hikari.pool.HikariPool - HikariPool-1 - After cleanup  stats (total=5, active=0, idle=5, waiting=0)
2026-02-12 09:13:52 [HikariPool-1 housekeeper] DEBUG com.zaxxer.hikari.pool.HikariPool - HikariPool-1 - Fill pool skipped, pool has sufficient level or currently being filled (queueDepth=0).
2026-02-12 09:14:22 [HikariPool-1 housekeeper] DEBUG com.zaxxer.hikari.pool.HikariPool - HikariPool-1 - Before cleanup stats (total=5, active=0, idle=5, waiting=0)
2026-02-12 09:14:22 [HikariPool-1 housekeeper] DEBUG com.zaxxer.hikari.pool.HikariPool - HikariPool-1 - After cleanup  stats (total=5, active=0, idle=5, waiting=0)
2026-02-12 09:14:22 [HikariPool-1 housekeeper] DEBUG com.zaxxer.hikari.pool.HikariPool - HikariPool-1 - Fill pool skipped, pool has sufficient level or currently being filled (queueDepth=0).
2026-02-12 09:14:52 [HikariPool-1 housekeeper] DEBUG com.zaxxer.hikari.pool.HikariPool - HikariPool-1 - Before cleanup stats (total=5, active=0, idle=5, waiting=0)
2026-02-12 09:14:52 [HikariPool-1 housekeeper] DEBUG com.zaxxer.hikari.pool.HikariPool - HikariPool-1 - After cleanup  stats (total=5, active=0, idle=5, waiting=0)
2026-02-12 09:14:52 [HikariPool-1 housekeeper] DEBUG com.zaxxer.hikari.pool.HikariPool - HikariPool-1 - Fill pool skipped, pool has sufficient level or currently being filled (queueDepth=0).
2026-02-12 09:15:22 [HikariPool-1 housekeeper] DEBUG com.zaxxer.hikari.pool.HikariPool - HikariPool-1 - Before cleanup stats (total=5, active=0, idle=5, waiting=0)
2026-02-12 09:15:22 [HikariPool-1 housekeeper] DEBUG com.zaxxer.hikari.pool.HikariPool - HikariPool-1 - After cleanup  stats (total=5, active=0, idle=5, waiting=0)
2026-02-12 09:15:22 [HikariPool-1 housekeeper] DEBUG com.zaxxer.hikari.pool.HikariPool - HikariPool-1 - Fill pool skipped, pool has sufficient level or currently being filled (queueDepth=0).
2026-02-12 09:15:52 [HikariPool-1 housekeeper] DEBUG com.zaxxer.hikari.pool.HikariPool - HikariPool-1 - Before cleanup stats (total=5, active=0, idle=5, waiting=0)
2026-02-12 09:15:52 [HikariPool-1 housekeeper] DEBUG com.zaxxer.hikari.pool.HikariPool - HikariPool-1 - After cleanup  stats (total=5, active=0, idle=5, waiting=0)
2026-02-12 09:15:52 [HikariPool-1 housekeeper] DEBUG com.zaxxer.hikari.pool.HikariPool - HikariPool-1 - Fill pool skipped, pool has sufficient level or currently being filled (queueDepth=0).
2026-02-12 09:16:23 [HikariPool-1 housekeeper] DEBUG com.zaxxer.hikari.pool.HikariPool - HikariPool-1 - Before cleanup stats (total=5, active=0, idle=5, waiting=0)
2026-02-12 09:16:23 [HikariPool-1 housekeeper] DEBUG com.zaxxer.hikari.pool.HikariPool - HikariPool-1 - After cleanup  stats (total=5, active=0, idle=5, waiting=0)
2026-02-12 09:16:23 [HikariPool-1 housekeeper] DEBUG com.zaxxer.hikari.pool.HikariPool - HikariPool-1 - Fill pool skipped, pool has sufficient level or currently being filled (queueDepth=0).
2026-02-12 09:16:54 [HikariPool-1 housekeeper] DEBUG com.zaxxer.hikari.pool.HikariPool - HikariPool-1 - Before cleanup stats (total=5, active=0, idle=5, waiting=0)
2026-02-12 09:16:54 [HikariPool-1 housekeeper] DEBUG com.zaxxer.hikari.pool.HikariPool - HikariPool-1 - After cleanup  stats (total=5, active=0, idle=5, waiting=0)
2026-02-12 09:16:54 [HikariPool-1 housekeeper] DEBUG com.zaxxer.hikari.pool.HikariPool - HikariPool-1 - Fill pool skipped, pool has sufficient level or currently being filled (queueDepth=0).
2026-02-12 09:17:25 [HikariPool-1 housekeeper] DEBUG com.zaxxer.hikari.pool.HikariPool - HikariPool-1 - Before cleanup stats (total=5, active=0, idle=5, waiting=0)
2026-02-12 09:17:25 [HikariPool-1 housekeeper] DEBUG com.zaxxer.hikari.pool.HikariPool - HikariPool-1 - After cleanup  stats (total=5, active=0, idle=5, waiting=0)
2026-02-12 09:17:25 [HikariPool-1 housekeeper] DEBUG com.zaxxer.hikari.pool.HikariPool - HikariPool-1 - Fill pool skipped, pool has sufficient level or currently being filled (queueDepth=0).
2026-02-12 09:17:56 [HikariPool-1 housekeeper] DEBUG com.zaxxer.hikari.pool.HikariPool - HikariPool-1 - Before cleanup stats (total=5, active=0, idle=5, waiting=0)
2026-02-12 09:17:56 [HikariPool-1 housekeeper] DEBUG com.zaxxer.hikari.pool.HikariPool - HikariPool-1 - After cleanup  stats (total=5, active=0, idle=5, waiting=0)
2026-02-12 09:17:56 [HikariPool-1 housekeeper] DEBUG com.zaxxer.hikari.pool.HikariPool - HikariPool-1 - Fill pool skipped, pool has sufficient level or currently being filled (queueDepth=0).
2026-02-12 09:18:27 [HikariPool-1 housekeeper] DEBUG com.zaxxer.hikari.pool.HikariPool - HikariPool-1 - Before cleanup stats (total=5, active=0, idle=5, waiting=0)
2026-02-12 09:18:27 [HikariPool-1 housekeeper] DEBUG com.zaxxer.hikari.pool.HikariPool - HikariPool-1 - After cleanup  stats (total=5, active=0, idle=5, waiting=0)
2026-02-12 09:18:27 [HikariPool-1 housekeeper] DEBUG com.zaxxer.hikari.pool.HikariPool - HikariPool-1 - Fill pool skipped, pool has sufficient level or currently being filled (queueDepth=0).
2026-02-12 09:18:57 [HikariPool-1 housekeeper] DEBUG com.zaxxer.hikari.pool.HikariPool - HikariPool-1 - Before cleanup stats (total=5, active=0, idle=5, waiting=0)
2026-02-12 09:18:57 [HikariPool-1 housekeeper] DEBUG com.zaxxer.hikari.pool.HikariPool - HikariPool-1 - After cleanup  stats (total=5, active=0, idle=5, waiting=0)
2026-02-12 09:18:57 [HikariPool-1 housekeeper] DEBUG com.zaxxer.hikari.pool.HikariPool - HikariPool-1 - Fill pool skipped, pool has sufficient level or currently being filled (queueDepth=0).
2026-02-12 09:19:28 [HikariPool-1 housekeeper] DEBUG com.zaxxer.hikari.pool.HikariPool - HikariPool-1 - Before cleanup stats (total=5, active=0, idle=5, waiting=0)
2026-02-12 09:19:28 [HikariPool-1 housekeeper] DEBUG com.zaxxer.hikari.pool.HikariPool - HikariPool-1 - After cleanup  stats (total=5, active=0, idle=5, waiting=0)
2026-02-12 09:19:28 [HikariPool-1 housekeeper] DEBUG com.zaxxer.hikari.pool.HikariPool - HikariPool-1 - Fill pool skipped, pool has sufficient level or currently being filled (queueDepth=0).
2026-02-12 09:19:59 [HikariPool-1 housekeeper] DEBUG com.zaxxer.hikari.pool.HikariPool - HikariPool-1 - Before cleanup stats (total=5, active=0, idle=5, waiting=0)
2026-02-12 09:19:59 [HikariPool-1 housekeeper] DEBUG com.zaxxer.hikari.pool.HikariPool - HikariPool-1 - After cleanup  stats (total=5, active=0, idle=5, waiting=0)
2026-02-12 09:19:59 [HikariPool-1 housekeeper] DEBUG com.zaxxer.hikari.pool.HikariPool - HikariPool-1 - Fill pool skipped, pool has sufficient level or currently being filled (queueDepth=0).
2026-02-12 09:20:30 [HikariPool-1 housekeeper] DEBUG com.zaxxer.hikari.pool.HikariPool - HikariPool-1 - Before cleanup stats (total=5, active=0, idle=5, waiting=0)
2026-02-12 09:20:30 [HikariPool-1 housekeeper] DEBUG com.zaxxer.hikari.pool.HikariPool - HikariPool-1 - After cleanup  stats (total=5, active=0, idle=5, waiting=0)
2026-02-12 09:20:30 [HikariPool-1 housekeeper] DEBUG com.zaxxer.hikari.pool.HikariPool - HikariPool-1 - Fill pool skipped, pool has sufficient level or currently being filled (queueDepth=0).
2026-02-12 09:21:01 [HikariPool-1 housekeeper] DEBUG com.zaxxer.hikari.pool.HikariPool - HikariPool-1 - Before cleanup stats (total=5, active=0, idle=5, waiting=0)
2026-02-12 09:21:01 [HikariPool-1 housekeeper] DEBUG com.zaxxer.hikari.pool.HikariPool - HikariPool-1 - After cleanup  stats (total=5, active=0, idle=5, waiting=0)
2026-02-12 09:21:01 [HikariPool-1 housekeeper] DEBUG com.zaxxer.hikari.pool.HikariPool - HikariPool-1 - Fill pool skipped, pool has sufficient level or currently being filled (queueDepth=0).
2026-02-12 09:21:30 [HikariPool-1 housekeeper] DEBUG com.zaxxer.hikari.pool.HikariPool - HikariPool-1 - Before cleanup stats (total=5, active=0, idle=5, waiting=0)
2026-02-12 09:21:30 [HikariPool-1 housekeeper] DEBUG com.zaxxer.hikari.pool.HikariPool - HikariPool-1 - After cleanup  stats (total=5, active=0, idle=5, waiting=0)
2026-02-12 09:21:30 [HikariPool-1 housekeeper] DEBUG com.zaxxer.hikari.pool.HikariPool - HikariPool-1 - Fill pool skipped, pool has sufficient level or currently being filled (queueDepth=0).
2026-02-12 09:21:59 [HikariPool-1 housekeeper] DEBUG com.zaxxer.hikari.pool.HikariPool - HikariPool-1 - Before cleanup stats (total=5, active=0, idle=5, waiting=0)
2026-02-12 09:21:59 [HikariPool-1 housekeeper] DEBUG com.zaxxer.hikari.pool.HikariPool - HikariPool-1 - After cleanup  stats (total=5, active=0, idle=5, waiting=0)
2026-02-12 09:21:59 [HikariPool-1 housekeeper] DEBUG com.zaxxer.hikari.pool.HikariPool - HikariPool-1 - Fill pool skipped, pool has sufficient level or currently being filled (queueDepth=0).
2026-02-12 09:22:29 [HikariPool-1 housekeeper] DEBUG com.zaxxer.hikari.pool.HikariPool - HikariPool-1 - Before cleanup stats (total=5, active=0, idle=5, waiting=0)
2026-02-12 09:22:29 [HikariPool-1 housekeeper] DEBUG com.zaxxer.hikari.pool.HikariPool - HikariPool-1 - After cleanup  stats (total=5, active=0, idle=5, waiting=0)
2026-02-12 09:22:29 [HikariPool-1 housekeeper] DEBUG com.zaxxer.hikari.pool.HikariPool - HikariPool-1 - Fill pool skipped, pool has sufficient level or currently being filled (queueDepth=0).
2026-02-12 09:22:58 [HikariPool-1 housekeeper] DEBUG com.zaxxer.hikari.pool.HikariPool - HikariPool-1 - Before cleanup stats (total=5, active=0, idle=5, waiting=0)
2026-02-12 09:22:58 [HikariPool-1 housekeeper] DEBUG com.zaxxer.hikari.pool.HikariPool - HikariPool-1 - After cleanup  stats (total=5, active=0, idle=5, waiting=0)
2026-02-12 09:22:58 [HikariPool-1 housekeeper] DEBUG com.zaxxer.hikari.pool.HikariPool - HikariPool-1 - Fill pool skipped, pool has sufficient level or currently being filled (queueDepth=0).
2026-02-12 09:23:27 [HikariPool-1 housekeeper] DEBUG com.zaxxer.hikari.pool.HikariPool - HikariPool-1 - Before cleanup stats (total=5, active=0, idle=5, waiting=0)
2026-02-12 09:23:27 [HikariPool-1 housekeeper] DEBUG com.zaxxer.hikari.pool.HikariPool - HikariPool-1 - After cleanup  stats (total=5, active=0, idle=5, waiting=0)
2026-02-12 09:23:27 [HikariPool-1 housekeeper] DEBUG com.zaxxer.hikari.pool.HikariPool - HikariPool-1 - Fill pool skipped, pool has sufficient level or currently being filled (queueDepth=0).
2026-02-12 09:23:56 [HikariPool-1 housekeeper] DEBUG com.zaxxer.hikari.pool.HikariPool - HikariPool-1 - Before cleanup stats (total=5, active=0, idle=5, waiting=0)
2026-02-12 09:23:56 [HikariPool-1 housekeeper] DEBUG com.zaxxer.hikari.pool.HikariPool - HikariPool-1 - After cleanup  stats (total=5, active=0, idle=5, waiting=0)
2026-02-12 09:23:56 [HikariPool-1 housekeeper] DEBUG com.zaxxer.hikari.pool.HikariPool - HikariPool-1 - Fill pool skipped, pool has sufficient level or currently being filled (queueDepth=0).
2026-02-12 09:24:25 [HikariPool-1 housekeeper] DEBUG com.zaxxer.hikari.pool.HikariPool - HikariPool-1 - Before cleanup stats (total=5, active=0, idle=5, waiting=0)
2026-02-12 09:24:25 [HikariPool-1 housekeeper] DEBUG com.zaxxer.hikari.pool.HikariPool - HikariPool-1 - After cleanup  stats (total=5, active=0, idle=5, waiting=0)
2026-02-12 09:24:25 [HikariPool-1 housekeeper] DEBUG com.zaxxer.hikari.pool.HikariPool - HikariPool-1 - Fill pool skipped, pool has sufficient level or currently being filled (queueDepth=0).
2026-02-12 09:24:55 [HikariPool-1 housekeeper] DEBUG com.zaxxer.hikari.pool.HikariPool - HikariPool-1 - Before cleanup stats (total=5, active=0, idle=5, waiting=0)
2026-02-12 09:24:55 [HikariPool-1 housekeeper] DEBUG com.zaxxer.hikari.pool.HikariPool - HikariPool-1 - After cleanup  stats (total=5, active=0, idle=5, waiting=0)
2026-02-12 09:24:55 [HikariPool-1 housekeeper] DEBUG com.zaxxer.hikari.pool.HikariPool - HikariPool-1 - Fill pool skipped, pool has sufficient level or currently being filled (queueDepth=0).
2026-02-12 09:25:24 [HikariPool-1 housekeeper] DEBUG com.zaxxer.hikari.pool.HikariPool - HikariPool-1 - Before cleanup stats (total=5, active=0, idle=5, waiting=0)
2026-02-12 09:25:24 [HikariPool-1 housekeeper] DEBUG com.zaxxer.hikari.pool.HikariPool - HikariPool-1 - After cleanup  stats (total=5, active=0, idle=5, waiting=0)
2026-02-12 09:25:24 [HikariPool-1 housekeeper] DEBUG com.zaxxer.hikari.pool.HikariPool - HikariPool-1 - Fill pool skipped, pool has sufficient level or currently being filled (queueDepth=0).
2026-02-12 09:25:53 [HikariPool-1 housekeeper] DEBUG com.zaxxer.hikari.pool.HikariPool - HikariPool-1 - Before cleanup stats (total=5, active=0, idle=5, waiting=0)
2026-02-12 09:25:53 [HikariPool-1 housekeeper] DEBUG com.zaxxer.hikari.pool.HikariPool - HikariPool-1 - After cleanup  stats (total=5, active=0, idle=5, waiting=0)
2026-02-12 09:25:53 [HikariPool-1 housekeeper] DEBUG com.zaxxer.hikari.pool.HikariPool - HikariPool-1 - Fill pool skipped, pool has sufficient level or currently being filled (queueDepth=0).
